// Jest Snapshot v1, https://goo.gl/fbAQLP

exports[`config config doesn't print sensitive data with inspect() 1`] = `
"{
  \\"defaultValue\\": \\"THIS IS DEFAULT VALUE\\",
  \\"port\\": 4000,
  \\"signatureSecret\\": \\"[Sensitive]\\",
  \\"jenkins\\": {
    \\"baseUrl\\": \\"http://localhost\\",
    \\"auth\\": {
      \\"user\\": \\"[Sensitive]\\",
      \\"password\\": \\"[Sensitive]\\"
    },
    \\"token\\": \\"[Sensitive]\\"
  },
  \\"env\\": \\"test\\",
  \\"AWS\\": {
    \\"defaults\\": {
      \\"region\\": \\"us-east-1\\",
      \\"sslEnabled\\": true
    },
    \\"SSM\\": {}
  }
}"
`;

exports[`config config doesn't print sensitive data with toString() 1`] = `
"{
  \\"defaultValue\\": \\"THIS IS DEFAULT VALUE\\",
  \\"port\\": 4000,
  \\"signatureSecret\\": \\"[Sensitive]\\",
  \\"jenkins\\": {
    \\"baseUrl\\": \\"http://localhost\\",
    \\"auth\\": {
      \\"user\\": \\"[Sensitive]\\",
      \\"password\\": \\"[Sensitive]\\"
    },
    \\"token\\": \\"[Sensitive]\\"
  },
  \\"env\\": \\"test\\",
  \\"AWS\\": {
    \\"defaults\\": {
      \\"region\\": \\"us-east-1\\",
      \\"sslEnabled\\": true
    },
    \\"SSM\\": {}
  }
}"
`;

exports[`config config works 1`] = `
Array [
  "getParametersByPath",
  Object {
    "Path": "/test/textpress-ci",
    "Recursive": true,
    "WithDecryption": true,
  },
  [Function],
]
`;

exports[`config extractRemoteParameters works with empty config 1`] = `Object {}`;

exports[`config extractRemoteParameters works with stage prefix 1`] = `
Object {
  "github": "/production/textpress-ci/github",
  "jenkins.auth": "/production/textpress-ci/jenkins/auth",
  "jenkins.baseUrl": "/production/textpress-ci/jenkins/baseUrl",
  "jenkins.token": "/production/textpress-ci/jenkins/token",
  "signatureSecret": "/production/textpress-ci/signatureSecret",
}
`;

exports[`config extractRemoteParameters works without stage prefix 1`] = `
Object {
  "github": "/textpress-ci/github",
  "jenkins.auth": "/textpress-ci/jenkins/auth",
  "jenkins.baseUrl": "/textpress-ci/jenkins/baseUrl",
  "jenkins.token": "/textpress-ci/jenkins/token",
  "signatureSecret": "/textpress-ci/signatureSecret",
}
`;

exports[`config loadConfig extends AWS configuration 1`] = `
Object {
  "region": "us-east-1",
  "sslEnabled": false,
}
`;

exports[`config loadConfig replaces AWS configuration 1`] = `
Object {
  "region": "asia",
}
`;

exports[`config loadConfig works 1`] = `
Array [
  "getParametersByPath",
  Object {
    "Path": "/test/textpress-ci",
    "Recursive": true,
    "WithDecryption": true,
  },
  [Function],
]
`;

exports[`config localConfig doesn't print sensitive data with inspect() 1`] = `
"{
  \\"defaultValue\\": \\"THIS IS DEFAULT VALUE\\",
  \\"port\\": 4000,
  \\"signatureSecret\\": \\"[Sensitive]\\",
  \\"jenkins\\": {
    \\"baseUrl\\": \\"http://localhost\\",
    \\"auth\\": {
      \\"user\\": \\"[Sensitive]\\",
      \\"password\\": \\"[Sensitive]\\"
    },
    \\"token\\": \\"[Sensitive]\\"
  },
  \\"env\\": \\"test\\",
  \\"AWS\\": {
    \\"defaults\\": {
      \\"region\\": \\"us-east-1\\",
      \\"sslEnabled\\": true
    },
    \\"SSM\\": {}
  }
}"
`;

exports[`config localConfig doesn't print sensitive data with toString() 1`] = `
"{
  \\"defaultValue\\": \\"THIS IS DEFAULT VALUE\\",
  \\"port\\": 4000,
  \\"signatureSecret\\": \\"[Sensitive]\\",
  \\"jenkins\\": {
    \\"baseUrl\\": \\"http://localhost\\",
    \\"auth\\": {
      \\"user\\": \\"[Sensitive]\\",
      \\"password\\": \\"[Sensitive]\\"
    },
    \\"token\\": \\"[Sensitive]\\"
  },
  \\"env\\": \\"test\\",
  \\"AWS\\": {
    \\"defaults\\": {
      \\"region\\": \\"us-east-1\\",
      \\"sslEnabled\\": true
    },
    \\"SSM\\": {}
  }
}"
`;
